// Jest Snapshot v1, https://goo.gl/fbAQLP

exports[`render PlaceReviews 1`] = `
<ul
  className="reviews__list"
/>
`;
