// Jest Snapshot v1, https://goo.gl/fbAQLP

exports[`render withPlace 1`] = `<div />`;
