// Jest Snapshot v1, https://goo.gl/fbAQLP

exports[`render PrivateRoute 1`] = `null`;
