// Jest Snapshot v1, https://goo.gl/fbAQLP

exports[`render Place 1`] = `
<div
  className="page"
>
  <main
    className="page__main page__main--property"
  >
    <section
      className="property"
    >
      <div
        className="property__gallery-container container"
      >
        <div
          className="property__gallery"
        >
          <div
            className="property__image-wrapper"
          >
            <img
              alt="Photo studio"
              className="property__image"
              src="img/image1"
            />
          </div>
        </div>
      </div>
      <div
        className="property__container container"
      >
        <div
          className="property__wrapper"
        >
          <div
            className="property__name-wrapper"
          >
            <h1
              className="property__name"
            >
              title 1
            </h1>
            <button
              className="property__bookmark-button button"
              type="button"
            >
              <svg
                className="property__bookmark-icon"
                height={33}
                width={31}
              >
                <use
                  xlinkHref="#icon-bookmark"
                />
              </svg>
              <span
                className="visually-hidden"
              >
                To bookmarks
              </span>
            </button>
          </div>
          <div
            className="property__rating rating"
          >
            <div
              className="property__stars rating__stars"
            >
              <span
                style={
                  Object {
                    "width": "199980%",
                  }
                }
              />
              <span
                className="visually-hidden"
              >
                Rating
              </span>
            </div>
            <span
              className="property__rating-value rating__value"
            >
              9999
            </span>
          </div>
          <ul
            className="property__features"
          >
            <li
              className="property__feature property__feature--entire"
            >
              type
            </li>
            <li
              className="property__feature property__feature--bedrooms"
            >
              30
               Bedrooms
            </li>
            <li
              className="property__feature property__feature--adults"
            >
              Max 
              50
               adults
            </li>
          </ul>
          <div
            className="property__price"
          >
            <b
              className="property__price-value"
            >
              €
              999999
            </b>
            <span
              className="property__price-text"
            >
               night
            </span>
          </div>
          <div
            className="property__inside"
          >
            <h2
              className="property__inside-title"
            >
              What’s inside
            </h2>
            <ul
              className="property__inside-list"
            >
              <li
                className="property__inside-item"
              >
                item
              </li>
            </ul>
          </div>
          <div
            className="property__host"
          >
            <h2
              className="property__host-title"
            >
              Meet the host
            </h2>
            <div
              className="property__host-user user"
            >
              <div
                className="property__avatar-wrapper user__avatar-wrapper"
              >
                <img
                  alt="Host avatar"
                  className="property__avatar user__avatar"
                  height={74}
                  src="img/avatar-1.jpg"
                  width={74}
                />
              </div>
              <span
                className="property__user-name"
              >
                name
              </span>
            </div>
            <div
              className="property__description"
            >
              <p
                className="property__text"
              >
                test
              </p>
            </div>
          </div>
          <section
            className="property__reviews reviews"
          >
            <h2
              className="reviews__title"
            >
              Reviews · 
              <span
                className="reviews__amount"
              >
                1
              </span>
            </h2>
            <ul
              className="reviews__list"
            >
              <li
                className="reviews__item"
              >
                <div
                  className="reviews__user user"
                >
                  <div
                    className="reviews__avatar-wrapper user__avatar-wrapper"
                  >
                    <img
                      alt="Reviews avatar"
                      className="reviews__avatar user__avatar"
                      height={54}
                      width={54}
                    />
                  </div>
                  <span
                    className="reviews__user-name"
                  >
                    name
                  </span>
                </div>
                <div
                  className="reviews__info"
                >
                  <div
                    className="reviews__rating rating"
                  >
                    <div
                      className="reviews__stars rating__stars"
                    >
                      <span
                        style={
                          Object {
                            "width": "NaN%",
                          }
                        }
                      />
                      <span
                        className="visually-hidden"
                      >
                        Rating
                      </span>
                    </div>
                  </div>
                  <p
                    className="reviews__text"
                  />
                  <time
                    className="reviews__time"
                  />
                </div>
              </li>
            </ul>
          </section>
        </div>
      </div>
      <section
        className="property__map map"
      />
    </section>
  </main>
</div>
`;
