// Jest Snapshot v1, https://goo.gl/fbAQLP

exports[`render withLoadData 1`] = `<div />`;
