// Jest Snapshot v1, https://goo.gl/fbAQLP

exports[`render withPlaceFilter 1`] = `<div />`;
