// Jest Snapshot v1, https://goo.gl/fbAQLP

exports[`render withMap 1`] = `<div />`;
