// Jest Snapshot v1, https://goo.gl/fbAQLP

exports[`render withSignIn 1`] = `<div />`;
