// Jest Snapshot v1, https://goo.gl/fbAQLP

exports[`render PreviewPlaces 1`] = `
<article
  className="place-card"
  onMouseEnter={[Function]}
  onMouseLeave={[Function]}
>
  <div
    className="place-card__image-wrapper"
  >
    <a
      href="#"
    >
      <img
        alt="title 1"
        className="place-card__image"
        src="img/image1"
        style={
          Object {
            "height": 200,
            "width": 260,
          }
        }
      />
    </a>
  </div>
  <div
    className="place-card__info"
  >
    <div
      className="place-card__price-wrapper"
    >
      <div
        className="place-card__price"
      >
        <b
          className="place-card__price-value"
        >
          €
          999999
        </b>
        <span
          className="place-card__price-text"
        >
          / night
        </span>
      </div>
      <button
        className="button place-card__bookmark-button"
        onClick={[Function]}
        type="button"
      >
        <svg
          className="place-card__bookmark-icon"
          height={19}
          width={18}
        >
          <use
            xlinkHref="#icon-bookmark"
          />
        </svg>
        <span
          className="visually-hidden"
        >
          To bookmarks
        </span>
      </button>
    </div>
    <div
      className="place-card__rating rating"
    >
      <div
        className="place-card__stars rating__stars"
      >
        <span
          style={
            Object {
              "width": "199980%",
            }
          }
        />
        <span
          className="visually-hidden"
        >
          Rating
        </span>
      </div>
    </div>
    <h2
      className="place-card__name"
      onClick={[Function]}
    >
      <a
        href="/offer/1"
        onClick={[Function]}
      >
        title 1
      </a>
    </h2>
    <p
      className="place-card__type"
    >
      type
    </p>
  </div>
</article>
`;
