// Jest Snapshot v1, https://goo.gl/fbAQLP

exports[`render PreviewPlaces 1`] = `null`;
